commit 1e3a131fc5c2c877ff0dbd2d6e1f22bbf722ee80
Author: NathLaw <ryo.01@hotmail.com>
Date:   Sun Oct 14 20:08:53 2018 +1100

    this is working code with a readme file also had to create a new account
